[info] 4,1,0,0,1,0,1
[info] 4,2,0,0,1,0,1
[info] 4,3,0,0,1,0,1
[info] 5,1,0,0,1,0,1
[info] 5,2,0,0,1,0,1
[info] 5,3,0,0,1,0,1
[info] 6,1,0,0,1,0,1
[info] 6,2,0,0,1,0,1
[info] 6,3,0,0,1,0,1
