[info] 1,1,0,0,1,0,1
[info] 1,2,0,0,1,0,1
[info] 1,3,0,0,1,0,1
[info] 2,1,0,0,1,0,1
[info] 2,2,0,0,1,0,1
[info] 2,3,0,0,1,0,1
[info] 3,1,0,0,1,0,1
[info] 3,2,0,0,1,0,1
[info] 3,3,0,0,1,0,1
